// Jest Snapshot v1, https://goo.gl/fbAQLP

exports[`App component tests renders an App 1`] = `
<Fragment>
  <header
    className="Header"
  >
    <h1>
      Hello Developer
    </h1>
    <h2>
      Lettuce make some spicy Memes
    </h2>
  </header>
  <Meme />
</Fragment>
`;
